V3 123
FL //turing/commun/denouletj/3E201/TP/Sources_Debut_TP/ball.vhd 2013/04/12.09:59:11 P.20131013
FL //turing/commun/denouletj/3E201/TP/Sources_Debut_TP/bounce.vhd 2013/04/09.12:34:45 P.20131013
EN work/bounce 1460052842 \
      FL //turing/commun/denouletj/3E201/TP/Sources_Debut_TP/bounce.vhd \
      PB ieee/std_logic_1164 1381692176 PB ieee/STD_LOGIC_UNSIGNED 1381692179 \
      PH work/pong_pack 1460052829
AR work/bounce/Behavioral 1460052843 \
      FL //turing/commun/denouletj/3E201/TP/Sources_Debut_TP/bounce.vhd \
      EN work/bounce 1460052842
FL //turing/commun/denouletj/3E201/TP/Sources_Debut_TP/brick.vhd 2013/03/29.12:08:32 P.20131013
EN work/brick_ctrl 1460052846 \
      FL //turing/commun/denouletj/3E201/TP/Sources_Debut_TP/brick.vhd \
      PB ieee/std_logic_1164 1381692176 PB ieee/STD_LOGIC_UNSIGNED 1381692179 \
      PH work/pong_pack 1460052829
AR work/brick_ctrl/Behavioral 1460052847 \
      FL //turing/commun/denouletj/3E201/TP/Sources_Debut_TP/brick.vhd \
      EN work/brick_ctrl 1460052846
FL //turing/commun/denouletj/3E201/TP/Sources_Debut_TP/button_mgr.vhd 2013/04/08.21:01:38 P.20131013
FL //turing/commun/denouletj/3E201/TP/Sources_Debut_TP/decor.vhd 2013/07/31.14:10:34 P.20131013
FL //turing/commun/denouletj/3E201/TP/Sources_Debut_TP/display.vhd 2013/04/12.09:24:21 P.20131013
FL //turing/commun/denouletj/3E201/TP/Sources_Debut_TP/game.vhd 2013/09/04.10:55:54 P.20131013
FL //turing/commun/denouletj/3E201/TP/Sources_Debut_TP/ip_rotary.vhd 2013/09/04.10:58:25 P.20131013
FL //turing/commun/denouletj/3E201/TP/Sources_Debut_TP/ip_uart.vhd 2013/04/08.20:46:06 P.20131013
FL //turing/commun/denouletj/3E201/TP/Sources_Debut_TP/mas_sla_mgr.vhd 2013/04/17.12:52:21 P.20131013
FL //turing/commun/denouletj/3E201/TP/Sources_Debut_TP/move_RS232.vhd 2013/04/09.09:57:28 P.20131013
FL //turing/commun/denouletj/3E201/TP/Sources_Debut_TP/objects.vhd 2013/04/12.10:58:01 P.20131013
EN work/objects 1460052866 \
      FL //turing/commun/denouletj/3E201/TP/Sources_Debut_TP/objects.vhd \
      PB ieee/std_logic_1164 1381692176 PB ieee/STD_LOGIC_UNSIGNED 1381692179 \
      PH work/pong_pack 1460052829
AR work/objects/Behavioral 1460052867 \
      FL //turing/commun/denouletj/3E201/TP/Sources_Debut_TP/objects.vhd \
      EN work/objects 1460052866 CP work/decor CP work/pad CP work/bounce \
      CP work/ball CP work/brick_ctrl
FL //turing/commun/denouletj/3E201/TP/Sources_Debut_TP/pad.vhd 2013/04/11.10:58:09 P.20131013
EN work/pad 1460052840 \
      FL //turing/commun/denouletj/3E201/TP/Sources_Debut_TP/pad.vhd \
      PB ieee/std_logic_1164 1381692176 PB ieee/STD_LOGIC_UNSIGNED 1381692179
AR work/pad/Behavioral 1460052841 \
      FL //turing/commun/denouletj/3E201/TP/Sources_Debut_TP/pad.vhd EN work/pad 1460052840
FL //turing/commun/denouletj/3E201/TP/Sources_Debut_TP/pong_package.vhd 2013/02/15.16:20:45 P.20131013
PH work/pong_pack 1460052829 \
      FL //turing/commun/denouletj/3E201/TP/Sources_Debut_TP/pong_package.vhd \
      PB ieee/std_logic_1164 1381692176
FL //turing/commun/denouletj/3E201/TP/Sources_Debut_TP/rotary.vhd 2013/03/28.20:19:39 P.20131013
FL //turing/commun/denouletj/3E201/TP/Sources_Debut_TP/switch_mgr.vhd 2013/07/31.12:41:24 P.20131013
FL //turing/commun/denouletj/3E201/TP/Sources_Debut_TP/top.vhd 2016/02/19.16:20:20 P.20131013
FL //turing/commun/denouletj/3E201/TP/Sources_Debut_TP/UARTcomponent.vhd 2013/03/29.14:53:26 P.20131013
FL //turing/commun/denouletj/3E201/TP/Sources_Debut_TP/VGA.vhd 2013/03/29.15:49:52 P.20131013
EN work/VGA 1460052870 \
      FL //turing/commun/denouletj/3E201/TP/Sources_Debut_TP/VGA.vhd \
      PB ieee/std_logic_1164 1381692176 PB ieee/STD_LOGIC_UNSIGNED 1381692179
AR work/VGA/archi 1460052871 \
      FL //turing/commun/denouletj/3E201/TP/Sources_Debut_TP/VGA.vhd EN work/VGA 1460052870
FL //turing/homes/3E201/Mini-Projet/Projet_TRAN_TRINH/ClkDiv.vhd 2016/02/22.14:21:59 P.20131013
FL //turing/homes/3E201/Mini-Projet/Projet_TRAN_TRINH/game.vhd 2016/03/07.16:38:29 P.20131013
FL //turing/homes/3E201/Mini-Projet/Projet_TRAN_TRINH/game_mgr.vhd 2016/03/07.16:34:35 P.20131013
FL //turing/homes/3E201/Mini-Projet/Projet_TRAN_TRINH/ip_rotary.vhd 2016/02/22.17:04:28 P.20131013
FL //turing/homes/3E201/Mini-Projet/Projet_TRAN_TRINH/move.vhd 2016/03/07.14:47:36 P.20131013
FL "//turing/homes/Projet 3E201/Nouveau dossier/Projet_TRAN_TRINH/ball.vhd" 2013/04/12.10:59:12 P.20131013
FL "//turing/homes/Projet 3E201/Nouveau dossier/Projet_TRAN_TRINH/button_mgr.vhd" 2013/04/08.22:01:38 P.20131013
FL "//turing/homes/Projet 3E201/Nouveau dossier/Projet_TRAN_TRINH/ClkDiv.vhd" 2016/02/22.15:22:00 P.20131013
FL "//turing/homes/Projet 3E201/Nouveau dossier/Projet_TRAN_TRINH/display.vhd" 2013/04/12.10:24:22 P.20131013
FL "//turing/homes/Projet 3E201/Nouveau dossier/Projet_TRAN_TRINH/game.vhd" 2016/04/07.19:36:31 P.20131013
FL "//turing/homes/Projet 3E201/Nouveau dossier/Projet_TRAN_TRINH/game_mgr.vhd" 2016/03/07.17:39:46 P.20131013
FL "//turing/homes/Projet 3E201/Nouveau dossier/Projet_TRAN_TRINH/ip_rotary.vhd" 2016/04/07.18:46:22 P.20131013
FL "//turing/homes/Projet 3E201/Nouveau dossier/Projet_TRAN_TRINH/ip_uart.vhd" 2013/04/08.21:46:06 P.20131013
FL "//turing/homes/Projet 3E201/Nouveau dossier/Projet_TRAN_TRINH/mas_sla_mgr.vhd" 2013/04/17.13:52:22 P.20131013
FL "//turing/homes/Projet 3E201/Nouveau dossier/Projet_TRAN_TRINH/mode.vhd" 2016/04/07.20:00:50 P.20131013
FL "//turing/homes/Projet 3E201/Nouveau dossier/Projet_TRAN_TRINH/move.vhd" 2016/03/07.15:47:36 P.20131013
FL "//turing/homes/Projet 3E201/Nouveau dossier/Projet_TRAN_TRINH/move_RS232.vhd" 2013/04/09.10:57:28 P.20131013
FL "//turing/homes/Projet 3E201/Nouveau dossier/Projet_TRAN_TRINH/rotary.vhd" 2013/03/28.21:19:40 P.20131013
FL "//turing/homes/Projet 3E201/Nouveau dossier/Projet_TRAN_TRINH/switch_mgr.vhd" 2013/07/31.13:41:24 P.20131013
FL "//turing/homes/Projet 3E201/Nouveau dossier/Projet_TRAN_TRINH/top.vhd" 2016/04/07.18:48:24 P.20131013
FL "//turing/homes/Projet 3E201/Nouveau dossier/Projet_TRAN_TRINH/UARTcomponent.vhd" 2013/03/29.15:53:26 P.20131013
FL "//turing/homes/Projet 3E201/Projet_TRAN_TRINH/ball.vhd" 2013/04/12.10:59:12 P.20131013
EN work/ball 1460052844 \
      FL "//turing/homes/Projet 3E201/Projet_TRAN_TRINH/ball.vhd" \
      PB ieee/std_logic_1164 1381692176 PB ieee/STD_LOGIC_UNSIGNED 1381692179
AR work/ball/Behavioral 1460052845 \
      FL "//turing/homes/Projet 3E201/Projet_TRAN_TRINH/ball.vhd" EN work/ball 1460052844
FL "//turing/homes/Projet 3E201/Projet_TRAN_TRINH/button_mgr.vhd" 2013/04/08.22:01:38 P.20131013
EN work/button_mgr 1460052860 \
      FL "//turing/homes/Projet 3E201/Projet_TRAN_TRINH/button_mgr.vhd" \
      PB ieee/std_logic_1164 1381692176 PB ieee/STD_LOGIC_UNSIGNED 1381692179
AR work/button_mgr/Behavioral 1460052861 \
      FL "//turing/homes/Projet 3E201/Projet_TRAN_TRINH/button_mgr.vhd" \
      EN work/button_mgr 1460052860
FL "//turing/homes/Projet 3E201/Projet_TRAN_TRINH/ClkDiv.vhd" 2016/02/22.15:22:00 P.20131013
EN work/ClkDiv 1460052856 \
      FL "//turing/homes/Projet 3E201/Projet_TRAN_TRINH/ClkDiv.vhd" \
      PB ieee/std_logic_1164 1381692176
AR work/ClkDiv/Behavioral 1460052857 \
      FL "//turing/homes/Projet 3E201/Projet_TRAN_TRINH/ClkDiv.vhd" \
      EN work/ClkDiv 1460052856
FL "//turing/homes/Projet 3E201/Projet_TRAN_TRINH/decor.vhd" 2016/04/07.14:16:16 P.20131013
EN work/decor 1460052838 \
      FL "//turing/homes/Projet 3E201/Projet_TRAN_TRINH/decor.vhd" \
      PB ieee/std_logic_1164 1381692176 PB ieee/STD_LOGIC_UNSIGNED 1381692179
AR work/decor/Behavioral 1460052839 \
      FL "//turing/homes/Projet 3E201/Projet_TRAN_TRINH/decor.vhd" EN work/decor 1460052838
FL "//turing/homes/Projet 3E201/Projet_TRAN_TRINH/display.vhd" 2013/04/12.10:24:22 P.20131013
EN work/display 1460052830 \
      FL "//turing/homes/Projet 3E201/Projet_TRAN_TRINH/display.vhd" \
      PB ieee/std_logic_1164 1381692176 PB ieee/STD_LOGIC_UNSIGNED 1381692179 \
      PH work/pong_pack 1460052829
AR work/display/Behavioral 1460052831 \
      FL "//turing/homes/Projet 3E201/Projet_TRAN_TRINH/display.vhd" \
      EN work/display 1460052830
FL "//turing/homes/Projet 3E201/Projet_TRAN_TRINH/game.vhd" 2016/04/07.19:36:31 P.20131013
EN work/game 1460052868 \
      FL "//turing/homes/Projet 3E201/Projet_TRAN_TRINH/game.vhd" \
      PB ieee/std_logic_1164 1381692176 PB ieee/STD_LOGIC_UNSIGNED 1381692179 \
      PH work/pong_pack 1460052829
AR work/game/Behavioral 1460052869 \
      FL "//turing/homes/Projet 3E201/Projet_TRAN_TRINH/game.vhd" EN work/game 1460052868 \
      CP work/display CP work/mode CP work/game_mgr CP work/master_slave_mgr
FL "//turing/homes/Projet 3E201/Projet_TRAN_TRINH/game_mgr.vhd" 2016/03/07.17:39:46 P.20131013
EN work/game_mgr 1460052834 \
      FL "//turing/homes/Projet 3E201/Projet_TRAN_TRINH/game_mgr.vhd" \
      PB ieee/std_logic_1164 1381692176
AR work/game_mgr/Behavioral 1460052835 \
      FL "//turing/homes/Projet 3E201/Projet_TRAN_TRINH/game_mgr.vhd" \
      EN work/game_mgr 1460052834
FL "//turing/homes/Projet 3E201/Projet_TRAN_TRINH/ip_rotary.vhd" 2016/04/07.18:46:22 P.20131013
EN work/ip_rotary 1460052862 \
      FL "//turing/homes/Projet 3E201/Projet_TRAN_TRINH/ip_rotary.vhd" \
      PB ieee/std_logic_1164 1381692176
AR work/ip_rotary/Behavioral 1460052863 \
      FL "//turing/homes/Projet 3E201/Projet_TRAN_TRINH/ip_rotary.vhd" \
      EN work/ip_rotary 1460052862 CP work/rotary CP work/move
FL "//turing/homes/Projet 3E201/Projet_TRAN_TRINH/ip_uart.vhd" 2013/04/08.21:46:06 P.20131013
EN work/ip_uart 1460052864 \
      FL "//turing/homes/Projet 3E201/Projet_TRAN_TRINH/ip_uart.vhd" \
      PB ieee/std_logic_1164 1381692176
AR work/ip_uart/Behavioral 1460052865 \
      FL "//turing/homes/Projet 3E201/Projet_TRAN_TRINH/ip_uart.vhd" \
      EN work/ip_uart 1460052864 CP work/UARTcomponent CP work/move_RS232
FL "//turing/homes/Projet 3E201/Projet_TRAN_TRINH/mas_sla_mgr.vhd" 2013/04/17.13:52:22 P.20131013
EN work/master_slave_mgr 1460052836 \
      FL "//turing/homes/Projet 3E201/Projet_TRAN_TRINH/mas_sla_mgr.vhd" \
      PB ieee/std_logic_1164 1381692176
AR work/master_slave_mgr/Behavioral 1460052837 \
      FL "//turing/homes/Projet 3E201/Projet_TRAN_TRINH/mas_sla_mgr.vhd" \
      EN work/master_slave_mgr 1460052836
FL "//turing/homes/Projet 3E201/Projet_TRAN_TRINH/mode.vhd" 2016/04/07.20:00:50 P.20131013
EN work/mode 1460052832 \
      FL "//turing/homes/Projet 3E201/Projet_TRAN_TRINH/mode.vhd" \
      PB ieee/std_logic_1164 1381692176 PB ieee/STD_LOGIC_UNSIGNED 1381692179
AR work/mode/Behavioral 1460052833 \
      FL "//turing/homes/Projet 3E201/Projet_TRAN_TRINH/mode.vhd" EN work/mode 1460052832
FL "//turing/homes/Projet 3E201/Projet_TRAN_TRINH/move.vhd" 2016/03/07.15:47:36 P.20131013
EN work/move 1460052854 \
      FL "//turing/homes/Projet 3E201/Projet_TRAN_TRINH/move.vhd" \
      PB ieee/std_logic_1164 1381692176
AR work/move/Behavioral 1460052855 \
      FL "//turing/homes/Projet 3E201/Projet_TRAN_TRINH/move.vhd" EN work/move 1460052854
FL "//turing/homes/Projet 3E201/Projet_TRAN_TRINH/move_RS232.vhd" 2013/04/09.10:57:28 P.20131013
EN work/move_RS232 1460052850 \
      FL "//turing/homes/Projet 3E201/Projet_TRAN_TRINH/move_RS232.vhd" \
      PB ieee/std_logic_1164 1381692176 PB ieee/STD_LOGIC_UNSIGNED 1381692179
AR work/move_RS232/Behavioral 1460052851 \
      FL "//turing/homes/Projet 3E201/Projet_TRAN_TRINH/move_RS232.vhd" \
      EN work/move_RS232 1460052850
FL "//turing/homes/Projet 3E201/Projet_TRAN_TRINH/rotary.vhd" 2013/03/28.21:19:40 P.20131013
EN work/rotary 1460052852 \
      FL "//turing/homes/Projet 3E201/Projet_TRAN_TRINH/rotary.vhd" \
      PB ieee/std_logic_1164 1381692176
AR work/rotary/Behavioral 1460052853 \
      FL "//turing/homes/Projet 3E201/Projet_TRAN_TRINH/rotary.vhd" \
      EN work/rotary 1460052852
FL "//turing/homes/Projet 3E201/Projet_TRAN_TRINH/switch_mgr.vhd" 2013/07/31.13:41:24 P.20131013
EN work/switch_mgr 1460052858 \
      FL "//turing/homes/Projet 3E201/Projet_TRAN_TRINH/switch_mgr.vhd" \
      PB ieee/std_logic_1164 1381692176
AR work/switch_mgr/Behavioral 1460052859 \
      FL "//turing/homes/Projet 3E201/Projet_TRAN_TRINH/switch_mgr.vhd" \
      EN work/switch_mgr 1460052858
FL "//turing/homes/Projet 3E201/Projet_TRAN_TRINH/top.vhd" 2016/04/07.18:48:24 P.20131013
EN work/top 1460052872 FL "//turing/homes/Projet 3E201/Projet_TRAN_TRINH/top.vhd" \
      PB ieee/std_logic_1164 1381692176 PB ieee/STD_LOGIC_UNSIGNED 1381692179 \
      PH work/pong_pack 1460052829
AR work/top/Behavioral 1460052873 \
      FL "//turing/homes/Projet 3E201/Projet_TRAN_TRINH/top.vhd" EN work/top 1460052872 \
      CP work/ClkDiv CP work/switch_mgr CP work/button_mgr CP work/ip_rotary \
      CP work/ip_uart CP work/objects CP work/game CP work/VGA
FL "//turing/homes/Projet 3E201/Projet_TRAN_TRINH/UARTcomponent.vhd" 2013/03/29.15:53:26 P.20131013
EN work/UARTcomponent 1460052848 \
      FL "//turing/homes/Projet 3E201/Projet_TRAN_TRINH/UARTcomponent.vhd" \
      PB ieee/std_logic_1164 1381692176 PB ieee/std_logic_arith 1381692177 \
      PB ieee/STD_LOGIC_UNSIGNED 1381692179
AR work/UARTcomponent/Behavioral 1460052849 \
      FL "//turing/homes/Projet 3E201/Projet_TRAN_TRINH/UARTcomponent.vhd" \
      EN work/UARTcomponent 1460052848
